#-----------------------------------------------------------
# Vivado v2018.2 (64-bit)
# SW Build 2258646 on Thu Jun 14 20:03:12 MDT 2018
# IP Build 2256618 on Thu Jun 14 22:10:49 MDT 2018
# Start of session at: Thu Dec  3 23:49:43 2020
# Process ID: 11328
# Current directory: C:/Users/L03068681/Contacts/Desktop/Eqiupo1/intento final 2/Referencia LCD/PFV3RaulSebas
# Command line: vivado.exe -gui_launcher_event rodinguilauncherevent1716 C:\Users\L03068681\Contacts\Desktop\Eqiupo1\intento final 2\Referencia LCD\PFV3RaulSebas\PFV3RaulSebas.xpr
# Log file: C:/Users/L03068681/Contacts/Desktop/Eqiupo1/intento final 2/Referencia LCD/PFV3RaulSebas/vivado.log
# Journal file: C:/Users/L03068681/Contacts/Desktop/Eqiupo1/intento final 2/Referencia LCD/PFV3RaulSebas\vivado.jou
#-----------------------------------------------------------
start_gui
open_project {C:/Users/L03068681/Contacts/Desktop/Eqiupo1/intento final 2/Referencia LCD/PFV3RaulSebas/PFV3RaulSebas.xpr}
update_compile_order -fileset sources_1
open_project {C:/Users/L03068681/Contacts/Desktop/Eqiupo1/intento final 1/version6/version6.xpr}
update_compile_order -fileset sources_1
file mkdir C:/Users/L03068681/Contacts/Desktop/Eqiupo1/intento final 2/Referencia LCD/PFV3RaulSebas/PFV3RaulSebas.srcs/sources_1/new
file mkdir C:/Users/L03068681/Contacts/Desktop/Eqiupo1/intento final 2/Referencia LCD/PFV3RaulSebas/PFV3RaulSebas.srcs/sources_1/new
file mkdir C:/Users/L03068681/Contacts/Desktop/Eqiupo1/intento final 2/Referencia LCD/PFV3RaulSebas/PFV3RaulSebas.srcs/sources_1/new
file mkdir C:/Users/L03068681/Contacts/Desktop/Eqiupo1/intento final 2/Referencia LCD/PFV3RaulSebas/PFV3RaulSebas.srcs/sources_1/new
file mkdir C:/Users/L03068681/Contacts/Desktop/Eqiupo1/intento final 2/Referencia LCD/PFV3RaulSebas/PFV3RaulSebas.srcs/sources_1/new
file mkdir C:/Users/L03068681/Contacts/Desktop/Eqiupo1/intento final 2/Referencia LCD/PFV3RaulSebas/PFV3RaulSebas.srcs/sources_1/new
file mkdir C:/Users/L03068681/Contacts/Desktop/Eqiupo1/intento final 2/Referencia LCD/PFV3RaulSebas/PFV3RaulSebas.srcs/sources_1/new
file mkdir C:/Users/L03068681/Contacts/Desktop/Eqiupo1/intento final 2/Referencia LCD/PFV3RaulSebas/PFV3RaulSebas.srcs/sources_1/new
file mkdir C:/Users/L03068681/Contacts/Desktop/Eqiupo1/intento final 2/Referencia LCD/PFV3RaulSebas/PFV3RaulSebas.srcs/sources_1/new
file mkdir C:/Users/L03068681/Contacts/Desktop/Eqiupo1/intento final 2/Referencia LCD/PFV3RaulSebas/PFV3RaulSebas.srcs/sources_1/new
file mkdir C:/Users/L03068681/Contacts/Desktop/Eqiupo1/intento final 2/Referencia LCD/PFV3RaulSebas/PFV3RaulSebas.srcs/sources_1/new
file mkdir C:/Users/L03068681/Contacts/Desktop/Eqiupo1/intento final 2/Referencia LCD/PFV3RaulSebas/PFV3RaulSebas.srcs/sources_1/new
file mkdir C:/Users/L03068681/Contacts/Desktop/Eqiupo1/intento final 2/Referencia LCD/PFV3RaulSebas/PFV3RaulSebas.srcs/sources_1/new
current_project PFV3RaulSebas
file mkdir {C:/Users/L03068681/Contacts/Desktop/Eqiupo1/intento final 2/Referencia LCD/PFV3RaulSebas/PFV3RaulSebas.srcs/sources_1/new}
close [ open {C:/Users/L03068681/Contacts/Desktop/Eqiupo1/intento final 2/Referencia LCD/PFV3RaulSebas/PFV3RaulSebas.srcs/sources_1/new/BCDtoASCII.vhd} w ]
add_files {{C:/Users/L03068681/Contacts/Desktop/Eqiupo1/intento final 2/Referencia LCD/PFV3RaulSebas/PFV3RaulSebas.srcs/sources_1/new/BCDtoASCII.vhd}}
close [ open {C:/Users/L03068681/Contacts/Desktop/Eqiupo1/intento final 2/Referencia LCD/PFV3RaulSebas/PFV3RaulSebas.srcs/sources_1/new/BINARYtoBCD.vhd} w ]
add_files {{C:/Users/L03068681/Contacts/Desktop/Eqiupo1/intento final 2/Referencia LCD/PFV3RaulSebas/PFV3RaulSebas.srcs/sources_1/new/BINARYtoBCD.vhd}}
update_compile_order -fileset sources_1
current_project version6
current_project PFV3RaulSebas
update_compile_order -fileset sources_1
close_project
open_project {C:/Users/L03068681/Contacts/Desktop/Eqiupo1/intento final 2/Referencia LCD/PFV3RaulSebas/PFV3RaulSebas.xpr}
update_compile_order -fileset sources_1
reset_run synth_1
launch_runs synth_1 -jobs 4
wait_on_run synth_1
launch_runs impl_1 -jobs 4
wait_on_run impl_1
launch_runs impl_1 -to_step write_bitstream -jobs 4
wait_on_run impl_1
reset_run synth_1
launch_runs impl_1 -to_step write_bitstream -jobs 4
wait_on_run impl_1
reset_run synth_1
launch_runs impl_1 -to_step write_bitstream -jobs 4
wait_on_run impl_1
open_hw
connect_hw_server
open_hw_target
set_property PROGRAM.FILE {C:/Users/L03068681/Contacts/Desktop/Eqiupo1/intento final 2/Referencia LCD/PFV3RaulSebas/PFV3RaulSebas.runs/impl_1/LIB_LCD_INTESC_REVD.bit} [get_hw_devices xc7a100t_0]
current_hw_device [get_hw_devices xc7a100t_0]
refresh_hw_device -update_hw_probes false [lindex [get_hw_devices xc7a100t_0] 0]
set_property PROBES.FILE {} [get_hw_devices xc7a100t_0]
set_property FULL_PROBES.FILE {} [get_hw_devices xc7a100t_0]
set_property PROGRAM.FILE {C:/Users/L03068681/Contacts/Desktop/Eqiupo1/intento final 2/Referencia LCD/PFV3RaulSebas/PFV3RaulSebas.runs/impl_1/LIB_LCD_INTESC_REVD.bit} [get_hw_devices xc7a100t_0]
program_hw_devices [get_hw_devices xc7a100t_0]
refresh_hw_device [lindex [get_hw_devices xc7a100t_0] 0]
reset_run synth_1
launch_runs impl_1 -to_step write_bitstream -jobs 4
wait_on_run impl_1
set_property PROBES.FILE {} [get_hw_devices xc7a100t_0]
set_property FULL_PROBES.FILE {} [get_hw_devices xc7a100t_0]
set_property PROGRAM.FILE {C:/Users/L03068681/Contacts/Desktop/Eqiupo1/intento final 2/Referencia LCD/PFV3RaulSebas/PFV3RaulSebas.runs/impl_1/LIB_LCD_INTESC_REVD.bit} [get_hw_devices xc7a100t_0]
program_hw_devices [get_hw_devices xc7a100t_0]
refresh_hw_device [lindex [get_hw_devices xc7a100t_0] 0]
reset_run synth_1
launch_runs impl_1 -to_step write_bitstream -jobs 4
wait_on_run impl_1
set_property PROBES.FILE {} [get_hw_devices xc7a100t_0]
set_property FULL_PROBES.FILE {} [get_hw_devices xc7a100t_0]
set_property PROGRAM.FILE {C:/Users/L03068681/Contacts/Desktop/Eqiupo1/intento final 2/Referencia LCD/PFV3RaulSebas/PFV3RaulSebas.runs/impl_1/LIB_LCD_INTESC_REVD.bit} [get_hw_devices xc7a100t_0]
program_hw_devices [get_hw_devices xc7a100t_0]
refresh_hw_device [lindex [get_hw_devices xc7a100t_0] 0]
reset_run synth_1
launch_runs synth_1 -jobs 4
wait_on_run synth_1
launch_runs impl_1 -jobs 4
wait_on_run impl_1
launch_runs impl_1 -to_step write_bitstream -jobs 4
wait_on_run impl_1
set_property PROBES.FILE {} [get_hw_devices xc7a100t_0]
set_property FULL_PROBES.FILE {} [get_hw_devices xc7a100t_0]
set_property PROGRAM.FILE {C:/Users/L03068681/Contacts/Desktop/Eqiupo1/intento final 2/Referencia LCD/PFV3RaulSebas/PFV3RaulSebas.runs/impl_1/LIB_LCD_INTESC_REVD.bit} [get_hw_devices xc7a100t_0]
program_hw_devices [get_hw_devices xc7a100t_0]
refresh_hw_device [lindex [get_hw_devices xc7a100t_0] 0]
close_project
